Archive member included to satisfy reference by file (symbol)

/opt/st/stm32cubeclt_1.17.0/GNU-tools-for-STM32/bin/../lib/gcc/arm-none-eabi/12.3.1/../../../../arm-none-eabi/lib/thumb/v7e-m+fp/hard/libstdc++_nano.a(atexit_arm.o)
                              CMakeFiles/brushless_g431_v1.dir/UserCode/cpp_main.cpp.obj (__aeabi_atexit)
/opt/st/stm32cubeclt_1.17.0/GNU-tools-for-STM32/bin/../lib/gcc/arm-none-eabi/12.3.1/../../../../arm-none-eabi/lib/thumb/v7e-m+fp/hard/libc_nano.a(libc_a-exit.o)
                              /opt/st/stm32cubeclt_1.17.0/GNU-tools-for-STM32/bin/../lib/gcc/arm-none-eabi/12.3.1/../../../../arm-none-eabi/lib/thumb/v7e-m+fp/hard/crt0.o (exit)
/opt/st/stm32cubeclt_1.17.0/GNU-tools-for-STM32/bin/../lib/gcc/arm-none-eabi/12.3.1/../../../../arm-none-eabi/lib/thumb/v7e-m+fp/hard/libc_nano.a(libc_a-cxa_atexit.o)
                              /opt/st/stm32cubeclt_1.17.0/GNU-tools-for-STM32/bin/../lib/gcc/arm-none-eabi/12.3.1/../../../../arm-none-eabi/lib/thumb/v7e-m+fp/hard/libstdc++_nano.a(atexit_arm.o) (__cxa_atexit)
/opt/st/stm32cubeclt_1.17.0/GNU-tools-for-STM32/bin/../lib/gcc/arm-none-eabi/12.3.1/../../../../arm-none-eabi/lib/thumb/v7e-m+fp/hard/libc_nano.a(libc_a-findfp.o)
                              /opt/st/stm32cubeclt_1.17.0/GNU-tools-for-STM32/bin/../lib/gcc/arm-none-eabi/12.3.1/../../../../arm-none-eabi/lib/thumb/v7e-m+fp/hard/libc_nano.a(libc_a-exit.o) (__stdio_exit_handler)
/opt/st/stm32cubeclt_1.17.0/GNU-tools-for-STM32/bin/../lib/gcc/arm-none-eabi/12.3.1/../../../../arm-none-eabi/lib/thumb/v7e-m+fp/hard/libc_nano.a(libc_a-fwalk.o)
                              /opt/st/stm32cubeclt_1.17.0/GNU-tools-for-STM32/bin/../lib/gcc/arm-none-eabi/12.3.1/../../../../arm-none-eabi/lib/thumb/v7e-m+fp/hard/libc_nano.a(libc_a-findfp.o) (_fwalk_sglue)
/opt/st/stm32cubeclt_1.17.0/GNU-tools-for-STM32/bin/../lib/gcc/arm-none-eabi/12.3.1/../../../../arm-none-eabi/lib/thumb/v7e-m+fp/hard/libc_nano.a(libc_a-stdio.o)
                              /opt/st/stm32cubeclt_1.17.0/GNU-tools-for-STM32/bin/../lib/gcc/arm-none-eabi/12.3.1/../../../../arm-none-eabi/lib/thumb/v7e-m+fp/hard/libc_nano.a(libc_a-findfp.o) (__sread)
/opt/st/stm32cubeclt_1.17.0/GNU-tools-for-STM32/bin/../lib/gcc/arm-none-eabi/12.3.1/../../../../arm-none-eabi/lib/thumb/v7e-m+fp/hard/libc_nano.a(libc_a-vsnprintf.o)
                              CMakeFiles/brushless_g431_v1.dir/UserCode/cpp_main.cpp.obj (vsnprintf)
/opt/st/stm32cubeclt_1.17.0/GNU-tools-for-STM32/bin/../lib/gcc/arm-none-eabi/12.3.1/../../../../arm-none-eabi/lib/thumb/v7e-m+fp/hard/libc_nano.a(libc_a-memset.o)
                              /opt/st/stm32cubeclt_1.17.0/GNU-tools-for-STM32/bin/../lib/gcc/arm-none-eabi/12.3.1/../../../../arm-none-eabi/lib/thumb/v7e-m+fp/hard/crt0.o (memset)
/opt/st/stm32cubeclt_1.17.0/GNU-tools-for-STM32/bin/../lib/gcc/arm-none-eabi/12.3.1/../../../../arm-none-eabi/lib/thumb/v7e-m+fp/hard/libc_nano.a(libc_a-closer.o)
                              /opt/st/stm32cubeclt_1.17.0/GNU-tools-for-STM32/bin/../lib/gcc/arm-none-eabi/12.3.1/../../../../arm-none-eabi/lib/thumb/v7e-m+fp/hard/libc_nano.a(libc_a-stdio.o) (_close_r)
/opt/st/stm32cubeclt_1.17.0/GNU-tools-for-STM32/bin/../lib/gcc/arm-none-eabi/12.3.1/../../../../arm-none-eabi/lib/thumb/v7e-m+fp/hard/libc_nano.a(libc_a-reent.o)
                              /opt/st/stm32cubeclt_1.17.0/GNU-tools-for-STM32/bin/../lib/gcc/arm-none-eabi/12.3.1/../../../../arm-none-eabi/lib/thumb/v7e-m+fp/hard/libc_nano.a(libc_a-closer.o) (errno)
/opt/st/stm32cubeclt_1.17.0/GNU-tools-for-STM32/bin/../lib/gcc/arm-none-eabi/12.3.1/../../../../arm-none-eabi/lib/thumb/v7e-m+fp/hard/libc_nano.a(libc_a-impure.o)
                              /opt/st/stm32cubeclt_1.17.0/GNU-tools-for-STM32/bin/../lib/gcc/arm-none-eabi/12.3.1/../../../../arm-none-eabi/lib/thumb/v7e-m+fp/hard/libc_nano.a(libc_a-vsnprintf.o) (_impure_ptr)
/opt/st/stm32cubeclt_1.17.0/GNU-tools-for-STM32/bin/../lib/gcc/arm-none-eabi/12.3.1/../../../../arm-none-eabi/lib/thumb/v7e-m+fp/hard/libc_nano.a(libc_a-lseekr.o)
                              /opt/st/stm32cubeclt_1.17.0/GNU-tools-for-STM32/bin/../lib/gcc/arm-none-eabi/12.3.1/../../../../arm-none-eabi/lib/thumb/v7e-m+fp/hard/libc_nano.a(libc_a-stdio.o) (_lseek_r)
/opt/st/stm32cubeclt_1.17.0/GNU-tools-for-STM32/bin/../lib/gcc/arm-none-eabi/12.3.1/../../../../arm-none-eabi/lib/thumb/v7e-m+fp/hard/libc_nano.a(libc_a-readr.o)
                              /opt/st/stm32cubeclt_1.17.0/GNU-tools-for-STM32/bin/../lib/gcc/arm-none-eabi/12.3.1/../../../../arm-none-eabi/lib/thumb/v7e-m+fp/hard/libc_nano.a(libc_a-stdio.o) (_read_r)
/opt/st/stm32cubeclt_1.17.0/GNU-tools-for-STM32/bin/../lib/gcc/arm-none-eabi/12.3.1/../../../../arm-none-eabi/lib/thumb/v7e-m+fp/hard/libc_nano.a(libc_a-writer.o)
                              /opt/st/stm32cubeclt_1.17.0/GNU-tools-for-STM32/bin/../lib/gcc/arm-none-eabi/12.3.1/../../../../arm-none-eabi/lib/thumb/v7e-m+fp/hard/libc_nano.a(libc_a-stdio.o) (_write_r)
[...]
Memory Configuration

Name             Origin             Length             Attributes
RAM              0x20000000         0x00008000         xrw
FLASH            0x08000000         0x00020000         xr
*default*        0x00000000         0xffffffff

Linker script and memory map

LOAD /opt/st/stm32cubeclt_1.17.0/GNU-tools-for-STM32/bin/../lib/gcc/arm-none-eabi/12.3.1/thumb/v7e-m+fp/hard/crti.o
LOAD /opt/st/stm32cubeclt_1.17.0/GNU-tools-for-STM32/bin/../lib/gcc/arm-none-eabi/12.3.1/thumb/v7e-m+fp/hard/crtbegin.o
LOAD /opt/st/stm32cubeclt_1.17.0/GNU-tools-for-STM32/bin/../lib/gcc/arm-none-eabi/12.3.1/../../../../arm-none-eabi/lib/thumb/v7e-m+fp/hard/crt0.o
START GROUP
END GROUP
START GROUP
LOAD /opt/st/stm32cubeclt_1.17.0/GNU-tools-for-STM32/bin/../lib/gcc/arm-none-eabi/12.3.1/../../../../arm-none-eabi/lib/thumb/v7e-m+fp/hard/libstdc++_nano.a
LOAD /opt/st/stm32cubeclt_1.17.0/GNU-tools-for-STM32/bin/../lib/gcc/arm-none-eabi/12.3.1/../../../../arm-none-eabi/lib/thumb/v7e-m+fp/hard/libsupc++_nano.a
END GROUP
LOAD CMakeFiles/brushless_g431_v1.dir/UserCode/cpp_main.cpp.obj
LOAD CMakeFiles/brushless_g431_v1.dir/Core/Src/main.c.obj
LOAD CMakeFiles/brushless_g431_v1.dir/Core/Src/gpio.c.obj
LOAD CMakeFiles/brushless_g431_v1.dir/Core/Src/tim.c.obj
LOAD CMakeFiles/brushless_g431_v1.dir/Core/Src/usart.c.obj
LOAD CMakeFiles/brushless_g431_v1.dir/Core/Src/stm32g4xx_it.c.obj
LOAD CMakeFiles/brushless_g431_v1.dir/Core/Src/stm32g4xx_hal_msp.c.obj
LOAD CMakeFiles/brushless_g431_v1.dir/Drivers/STM32G4xx_HAL_Driver/Src/stm32g4xx_hal_pwr_ex.c.obj
LOAD CMakeFiles/brushless_g431_v1.dir/Drivers/STM32G4xx_HAL_Driver/Src/stm32g4xx_hal_tim.c.obj
LOAD CMakeFiles/brushless_g431_v1.dir/Drivers/STM32G4xx_HAL_Driver/Src/stm32g4xx_hal_tim_ex.c.obj
LOAD CMakeFiles/brushless_g431_v1.dir/Drivers/STM32G4xx_HAL_Driver/Src/stm32g4xx_hal.c.obj
LOAD CMakeFiles/brushless_g431_v1.dir/Drivers/STM32G4xx_HAL_Driver/Src/stm32g4xx_hal_rcc.c.obj
LOAD CMakeFiles/brushless_g431_v1.dir/Drivers/STM32G4xx_HAL_Driver/Src/stm32g4xx_hal_rcc_ex.c.obj
LOAD CMakeFiles/brushless_g431_v1.dir/Drivers/STM32G4xx_HAL_Driver/Src/stm32g4xx_hal_flash.c.obj
LOAD CMakeFiles/brushless_g431_v1.dir/Drivers/STM32G4xx_HAL_Driver/Src/stm32g4xx_hal_flash_ex.c.obj
LOAD CMakeFiles/brushless_g431_v1.dir/Drivers/STM32G4xx_HAL_Driver/Src/stm32g4xx_hal_flash_ramfunc.c.obj
LOAD CMakeFiles/brushless_g431_v1.dir/Drivers/STM32G4xx_HAL_Driver/Src/stm32g4xx_hal_gpio.c.obj
LOAD CMakeFiles/brushless_g431_v1.dir/Drivers/STM32G4xx_HAL_Driver/Src/stm32g4xx_hal_exti.c.obj
LOAD CMakeFiles/brushless_g431_v1.dir/Drivers/STM32G4xx_HAL_Driver/Src/stm32g4xx_hal_dma.c.obj
LOAD CMakeFiles/brushless_g431_v1.dir/Drivers/STM32G4xx_HAL_Driver/Src/stm32g4xx_hal_dma_ex.c.obj
LOAD CMakeFiles/brushless_g431_v1.dir/Drivers/STM32G4xx_HAL_Driver/Src/stm32g4xx_hal_pwr.c.obj
LOAD CMakeFiles/brushless_g431_v1.dir/Drivers/STM32G4xx_HAL_Driver/Src/stm32g4xx_hal_cortex.c.obj
LOAD CMakeFiles/brushless_g431_v1.dir/Drivers/STM32G4xx_HAL_Driver/Src/stm32g4xx_hal_uart.c.obj
LOAD CMakeFiles/brushless_g431_v1.dir/Drivers/STM32G4xx_HAL_Driver/Src/stm32g4xx_hal_uart_ex.c.obj
LOAD CMakeFiles/brushless_g431_v1.dir/Core/Src/system_stm32g4xx.c.obj
LOAD CMakeFiles/brushless_g431_v1.dir/Core/Src/sysmem.c.obj
LOAD CMakeFiles/brushless_g431_v1.dir/Core/Src/syscalls.c.obj
LOAD CMakeFiles/brushless_g431_v1.dir/startup_stm32g431xx.s.obj
LOAD /opt/st/stm32cubeclt_1.17.0/GNU-tools-for-STM32/bin/../lib/gcc/arm-none-eabi/12.3.1/../../../../arm-none-eabi/lib/thumb/v7e-m+fp/hard/libstdc++_nano.a
LOAD /opt/st/stm32cubeclt_1.17.0/GNU-tools-for-STM32/bin/../lib/gcc/arm-none-eabi/12.3.1/../../../../arm-none-eabi/lib/thumb/v7e-m+fp/hard/libm.a
LOAD /opt/st/stm32cubeclt_1.17.0/GNU-tools-for-STM32/bin/../lib/gcc/arm-none-eabi/12.3.1/../../../../arm-none-eabi/lib/thumb/v7e-m+fp/hard/libc_nano.a
START GROUP
LOAD /opt/st/stm32cubeclt_1.17.0/GNU-tools-for-STM32/bin/../lib/gcc/arm-none-eabi/12.3.1/thumb/v7e-m+fp/hard/libgcc.a
LOAD /opt/st/stm32cubeclt_1.17.0/GNU-tools-for-STM32/bin/../lib/gcc/arm-none-eabi/12.3.1/../../../../arm-none-eabi/lib/thumb/v7e-m+fp/hard/libg_nano.a
LOAD /opt/st/stm32cubeclt_1.17.0/GNU-tools-for-STM32/bin/../lib/gcc/arm-none-eabi/12.3.1/../../../../arm-none-eabi/lib/thumb/v7e-m+fp/hard/libc_nano.a
END GROUP
START GROUP
LOAD /opt/st/stm32cubeclt_1.17.0/GNU-tools-for-STM32/bin/../lib/gcc/arm-none-eabi/12.3.1/thumb/v7e-m+fp/hard/libgcc.a
LOAD /opt/st/stm32cubeclt_1.17.0/GNU-tools-for-STM32/bin/../lib/gcc/arm-none-eabi/12.3.1/../../../../arm-none-eabi/lib/thumb/v7e-m+fp/hard/libc_nano.a
END GROUP
LOAD /opt/st/stm32cubeclt_1.17.0/GNU-tools-for-STM32/bin/../lib/gcc/arm-none-eabi/12.3.1/thumb/v7e-m+fp/hard/crtend.o
LOAD /opt/st/stm32cubeclt_1.17.0/GNU-tools-for-STM32/bin/../lib/gcc/arm-none-eabi/12.3.1/thumb/v7e-m+fp/hard/crtn.o
                0x20008000                        _estack = (ORIGIN (RAM) + LENGTH (RAM))
                0x00000200                        _Min_Heap_Size = 0x200
                0x00000400                        _Min_Stack_Size = 0x400

.isr_vector     0x08000000      0x1d8
                0x08000000                        . = ALIGN (0x4)
 *(.isr_vector)
 .isr_vector    0x08000000      0x1d8 CMakeFiles/brushless_g431_v1.dir/startup_stm32g431xx.s.obj
                0x08000000                g_pfnVectors
                0x080001d8                        . = ALIGN (0x4)

.text           0x080001e0     0x3a04
                0x080001e0                        . = ALIGN (0x4)
 *(.text)
 .text          0x080001e0       0x40 /opt/st/stm32cubeclt_1.17.0/GNU-tools-for-STM32/bin/../lib/gcc/arm-none-eabi/12.3.1/thumb/v7e-m+fp/hard/crtbegin.o
 .text          0x08000220       0x10 /opt/st/stm32cubeclt_1.17.0/GNU-tools-for-STM32/bin/../lib/gcc/arm-none-eabi/12.3.1/../../../../arm-none-eabi/lib/thumb/v7e-m+fp/hard/libc_nano.a(libc_a-strlen.o)
                0x08000220                strlen
 .text          0x08000230       0xa0 /opt/st/stm32cubeclt_1.17.0/GNU-tools-for-STM32/bin/../lib/gcc/arm-none-eabi/12.3.1/../../../../arm-none-eabi/lib/thumb/v7e-m+fp/hard/libc_nano.a(libc_a-memchr.o)
                0x08000230                memchr
 .text          0x080002d0       0x30 /opt/st/stm32cubeclt_1.17.0/GNU-tools-for-STM32/bin/../lib/gcc/arm-none-eabi/12.3.1/thumb/v7e-m+fp/hard/libgcc.a(_aeabi_uldivmod.o)
                0x080002d0                __aeabi_uldivmod
 .text          0x08000300      0x2bc /opt/st/stm32cubeclt_1.17.0/GNU-tools-for-STM32/bin/../lib/gcc/arm-none-eabi/12.3.1/thumb/v7e-m+fp/hard/libgcc.a(_udivmoddi4.o)
                0x08000300                __udivmoddi4
 .text          0x080005bc        0x4 /opt/st/stm32cubeclt_1.17.0/GNU-tools-for-STM32/bin/../lib/gcc/arm-none-eabi/12.3.1/thumb/v7e-m+fp/hard/libgcc.a(_dvmd_tls.o)
                0x080005bc                __aeabi_ldiv0
                0x080005bc                __aeabi_idiv0
 *(.text*)
 .text._ZNSt17_Function_handlerIFvvEPS0_E9_M_invokeERKSt9_Any_data
                0x080005c0        0x4 CMakeFiles/brushless_g431_v1.dir/UserCode/cpp_main.cpp.obj
                0x080005c0                std::_Function_handler<void (), void (*)()>::_M_invoke(std::_Any_data const&)
 .text._ZN9stmlib_v19HardTimerD2Ev
                0x080005c4       0x14 CMakeFiles/brushless_g431_v1.dir/UserCode/cpp_main.cpp.obj
                0x080005c4                stmlib_v1::HardTimer::~HardTimer()
                0x080005c4                stmlib_v1::HardTimer::~HardTimer()
 .text._ZNSt17_Function_handlerIFvvEPS0_E10_M_managerERSt9_Any_dataRKS3_St18_Manager_operation
                0x080005d8       0x28 CMakeFiles/brushless_g431_v1.dir/UserCode/cpp_main.cpp.obj
                0x080005d8                std::_Function_handler<void (), void (*)()>::_M_manager(std::_Any_data&, std::_Any_data const&, std::_Manager_operation)
 .text._ZN9stmlib_v112stlink_debag14transmit_debugEPKcz
                0x08000600       0x38 CMakeFiles/brushless_g431_v1.dir/UserCode/cpp_main.cpp.obj
                0x08000600                stmlib_v1::stlink_debag::transmit_debug(char const*, ...)
 .text.wrap_cpp_main_while
                0x08000638       0x10 CMakeFiles/brushless_g431_v1.dir/UserCode/cpp_main.cpp.obj
                0x08000638                wrap_cpp_main_while
 .text.HAL_TIM_PeriodElapsedCallback
                0x08000648       0x1c CMakeFiles/brushless_g431_v1.dir/UserCode/cpp_main.cpp.obj
                0x08000648                HAL_TIM_PeriodElapsedCallback
 .text._ZN8UserCode13cpp_main_initEv
                0x08000664       0x88 CMakeFiles/brushless_g431_v1.dir/UserCode/cpp_main.cpp.obj
                0x08000664                UserCode::cpp_main_init()
 .text.wrap_cpp_main_init
                0x080006ec        0x4 CMakeFiles/brushless_g431_v1.dir/UserCode/cpp_main.cpp.obj
                0x080006ec                wrap_cpp_main_init
 .text._ZN8UserCode13set_pwm_stateEbbb
                0x080006f0       0xc4 CMakeFiles/brushless_g431_v1.dir/UserCode/cpp_main.cpp.obj
                0x080006f0                UserCode::set_pwm_state(bool, bool, bool)
 .text._ZN8UserCode24timer_interruption_10kHzEv
                0x080007b4       0xe4 CMakeFiles/brushless_g431_v1.dir/UserCode/cpp_main.cpp.obj
                0x080007b4                UserCode::timer_interruption_10kHz()
 .text.startup._GLOBAL__sub_I__ZN9stmlib_v111led_control9set_stateEb
                0x08000898       0x70 CMakeFiles/brushless_g431_v1.dir/UserCode/cpp_main.cpp.obj
 .text.SystemClock_Config
                0x08000908       0x6c CMakeFiles/brushless_g431_v1.dir/Core/Src/main.c.obj
                0x08000908                SystemClock_Config
 .text.startup.main
                0x08000974       0x24 CMakeFiles/brushless_g431_v1.dir/Core/Src/main.c.obj
                0x08000974                main
 .text.Error_Handler
                0x08000998        0x4 CMakeFiles/brushless_g431_v1.dir/Core/Src/main.c.obj
                0x08000998                Error_Handler
 .text.MX_GPIO_Init
                0x0800099c       0x74 CMakeFiles/brushless_g431_v1.dir/Core/Src/gpio.c.obj
                0x0800099c                MX_GPIO_Init
 .text.MX_TIM7_Init
                0x08000a10       0x54 CMakeFiles/brushless_g431_v1.dir/Core/Src/tim.c.obj
                0x08000a10                MX_TIM7_Init
 .text.HAL_TIM_PWM_MspInit
                0x08000a64       0x2c CMakeFiles/brushless_g431_v1.dir/Core/Src/tim.c.obj
                0x08000a64                HAL_TIM_PWM_MspInit
 .text.HAL_TIM_Base_MspInit
                0x08000a90       0x40 CMakeFiles/brushless_g431_v1.dir/Core/Src/tim.c.obj
                0x08000a90                HAL_TIM_Base_MspInit
 .text.HAL_TIM_MspPostInit
                0x08000ad0       0xb0 CMakeFiles/brushless_g431_v1.dir/Core/Src/tim.c.obj
                0x08000ad0                HAL_TIM_MspPostInit
 .text.MX_TIM1_Init
                0x08000b80      0x104 CMakeFiles/brushless_g431_v1.dir/Core/Src/tim.c.obj
                0x08000b80                MX_TIM1_Init
 .text.MX_USART2_UART_Init
                0x08000c84       0x88 CMakeFiles/brushless_g431_v1.dir/Core/Src/usart.c.obj
                0x08000c84                MX_USART2_UART_Init
 *fill*         0x08000d0c        0x4 
 .text.HAL_UART_MspInit
                0x08000d10       0x9c CMakeFiles/brushless_g431_v1.dir/Core/Src/usart.c.obj
                0x08000d10                HAL_UART_MspInit
 .text.NMI_Handler
                0x08000dac        0x4 CMakeFiles/brushless_g431_v1.dir/Core/Src/stm32g4xx_it.c.obj
                0x08000dac                NMI_Handler
 .text.HardFault_Handler
                0x08000db0        0x4 CMakeFiles/brushless_g431_v1.dir/Core/Src/stm32g4xx_it.c.obj
                0x08000db0                HardFault_Handler
 .text.MemManage_Handler
                0x08000db4        0x4 CMakeFiles/brushless_g431_v1.dir/Core/Src/stm32g4xx_it.c.obj
                0x08000db4                MemManage_Handler
 .text.BusFault_Handler
                0x08000db8        0x4 CMakeFiles/brushless_g431_v1.dir/Core/Src/stm32g4xx_it.c.obj
                0x08000db8                BusFault_Handler
 .text.UsageFault_Handler
                0x08000dbc        0x4 CMakeFiles/brushless_g431_v1.dir/Core/Src/stm32g4xx_it.c.obj
                0x08000dbc                UsageFault_Handler
 .text.SVC_Handler
                0x08000dc0        0x4 CMakeFiles/brushless_g431_v1.dir/Core/Src/stm32g4xx_it.c.obj
                0x08000dc0                SVC_Handler
 .text.DebugMon_Handler
                0x08000dc4        0x4 CMakeFiles/brushless_g431_v1.dir/Core/Src/stm32g4xx_it.c.obj
                0x08000dc4                DebugMon_Handler
 .text.PendSV_Handler
                0x08000dc8        0x4 CMakeFiles/brushless_g431_v1.dir/Core/Src/stm32g4xx_it.c.obj
                0x08000dc8                PendSV_Handler
 .text.SysTick_Handler
                0x08000dcc        0x4 CMakeFiles/brushless_g431_v1.dir/Core/Src/stm32g4xx_it.c.obj
                0x08000dcc                SysTick_Handler
 .text.TIM7_IRQHandler
                0x08000dd0        0xc CMakeFiles/brushless_g431_v1.dir/Core/Src/stm32g4xx_it.c.obj
                0x08000dd0                TIM7_IRQHandler
 .text.HAL_MspInit
                0x08000ddc       0x34 CMakeFiles/brushless_g431_v1.dir/Core/Src/stm32g4xx_hal_msp.c.obj
                0x08000ddc                HAL_MspInit
 .text.HAL_PWREx_ControlVoltageScaling
                0x08000e10       0xe4 CMakeFiles/brushless_g431_v1.dir/Drivers/STM32G4xx_HAL_Driver/Src/stm32g4xx_hal_pwr_ex.c.obj
                0x08000e10                HAL_PWREx_ControlVoltageScaling
 .text.HAL_PWREx_DisableUCPDDeadBattery
                0x08000ef4       0x10 CMakeFiles/brushless_g431_v1.dir/Drivers/STM32G4xx_HAL_Driver/Src/stm32g4xx_hal_pwr_ex.c.obj
                0x08000ef4                HAL_PWREx_DisableUCPDDeadBattery
 .text.TIM_OC1_SetConfig
                0x08000f04       0x78 CMakeFiles/brushless_g431_v1.dir/Drivers/STM32G4xx_HAL_Driver/Src/stm32g4xx_hal_tim.c.obj
 .text.TIM_OC3_SetConfig
                0x08000f7c       0x80 CMakeFiles/brushless_g431_v1.dir/Drivers/STM32G4xx_HAL_Driver/Src/stm32g4xx_hal_tim.c.obj
 .text.TIM_OC4_SetConfig
                0x08000ffc       0x84 CMakeFiles/brushless_g431_v1.dir/Drivers/STM32G4xx_HAL_Driver/Src/stm32g4xx_hal_tim.c.obj
 .text.HAL_TIM_Base_Init
                0x08001080       0xfc CMakeFiles/brushless_g431_v1.dir/Drivers/STM32G4xx_HAL_Driver/Src/stm32g4xx_hal_tim.c.obj
                0x08001080                HAL_TIM_Base_Init
 .text.HAL_TIM_Base_Start_IT
                0x0800117c       0x70 CMakeFiles/brushless_g431_v1.dir/Drivers/STM32G4xx_HAL_Driver/Src/stm32g4xx_hal_tim.c.obj
                0x0800117c                HAL_TIM_Base_Start_IT
 .text.HAL_TIM_PWM_Init
                0x080011ec       0xfc CMakeFiles/brushless_g431_v1.dir/Drivers/STM32G4xx_HAL_Driver/Src/stm32g4xx_hal_tim.c.obj
                0x080011ec                HAL_TIM_PWM_Init
 .text.HAL_TIM_PWM_Start
                0x080012e8      0x128 CMakeFiles/brushless_g431_v1.dir/Drivers/STM32G4xx_HAL_Driver/Src/stm32g4xx_hal_tim.c.obj
                0x080012e8                HAL_TIM_PWM_Start
 .text.HAL_TIM_PWM_Stop
                0x08001410       0xf4 CMakeFiles/brushless_g431_v1.dir/Drivers/STM32G4xx_HAL_Driver/Src/stm32g4xx_hal_tim.c.obj
                0x08001410                HAL_TIM_PWM_Stop
 .text.HAL_TIM_OC_DelayElapsedCallback
                0x08001504        0x4 CMakeFiles/brushless_g431_v1.dir/Drivers/STM32G4xx_HAL_Driver/Src/stm32g4xx_hal_tim.c.obj
                0x08001504                HAL_TIM_OC_DelayElapsedCallback
 .text.HAL_TIM_IC_CaptureCallback
                0x08001508        0x4 CMakeFiles/brushless_g431_v1.dir/Drivers/STM32G4xx_HAL_Driver/Src/stm32g4xx_hal_tim.c.obj
                0x08001508                HAL_TIM_IC_CaptureCallback
 .text.HAL_TIM_PWM_PulseFinishedCallback
                0x0800150c        0x4 CMakeFiles/brushless_g431_v1.dir/Drivers/STM32G4xx_HAL_Driver/Src/stm32g4xx_hal_tim.c.obj
                0x0800150c                HAL_TIM_PWM_PulseFinishedCallback
 .text.HAL_TIM_TriggerCallback
                0x08001510        0x4 CMakeFiles/brushless_g431_v1.dir/Drivers/STM32G4xx_HAL_Driver/Src/stm32g4xx_hal_tim.c.obj
                0x08001510                HAL_TIM_TriggerCallback
 .text.HAL_TIM_IRQHandler
                0x08001514      0x1c8 CMakeFiles/brushless_g431_v1.dir/Drivers/STM32G4xx_HAL_Driver/Src/stm32g4xx_hal_tim.c.obj
                0x08001514                HAL_TIM_IRQHandler
 .text.TIM_OC2_SetConfig
                0x080016dc       0x84 CMakeFiles/brushless_g431_v1.dir/Drivers/STM32G4xx_HAL_Driver/Src/stm32g4xx_hal_tim.c.obj
                0x080016dc                TIM_OC2_SetConfig
 .text.HAL_TIM_PWM_ConfigChannel
                0x08001760      0x1cc CMakeFiles/brushless_g431_v1.dir/Drivers/STM32G4xx_HAL_Driver/Src/stm32g4xx_hal_tim.c.obj
                0x08001760                HAL_TIM_PWM_ConfigChannel
 .text.HAL_TIMEx_PWMN_Start
                0x0800192c       0xc0 CMakeFiles/brushless_g431_v1.dir/Drivers/STM32G4xx_HAL_Driver/Src/stm32g4xx_hal_tim_ex.c.obj
                0x0800192c                HAL_TIMEx_PWMN_Start
 .text.HAL_TIMEx_PWMN_Stop
                0x080019ec       0x8c CMakeFiles/brushless_g431_v1.dir/Drivers/STM32G4xx_HAL_Driver/Src/stm32g4xx_hal_tim_ex.c.obj
                0x080019ec                HAL_TIMEx_PWMN_Stop
 .text.HAL_TIMEx_MasterConfigSynchronization
                0x08001a78       0xa4 CMakeFiles/brushless_g431_v1.dir/Drivers/STM32G4xx_HAL_Driver/Src/stm32g4xx_hal_tim_ex.c.obj
                0x08001a78                HAL_TIMEx_MasterConfigSynchronization
 .text.HAL_TIMEx_ConfigBreakDeadTime
                0x08001b1c       0x9c CMakeFiles/brushless_g431_v1.dir/Drivers/STM32G4xx_HAL_Driver/Src/stm32g4xx_hal_tim_ex.c.obj
                0x08001b1c                HAL_TIMEx_ConfigBreakDeadTime
 .text.HAL_TIMEx_CommutCallback
                0x08001bb8        0x4 CMakeFiles/brushless_g431_v1.dir/Drivers/STM32G4xx_HAL_Driver/Src/stm32g4xx_hal_tim_ex.c.obj
                0x08001bb8                HAL_TIMEx_CommutCallback
 .text.HAL_TIMEx_BreakCallback
                0x08001bbc        0x4 CMakeFiles/brushless_g431_v1.dir/Drivers/STM32G4xx_HAL_Driver/Src/stm32g4xx_hal_tim_ex.c.obj
                0x08001bbc                HAL_TIMEx_BreakCallback
 .text.HAL_TIMEx_Break2Callback
                0x08001bc0        0x4 CMakeFiles/brushless_g431_v1.dir/Drivers/STM32G4xx_HAL_Driver/Src/stm32g4xx_hal_tim_ex.c.obj
                0x08001bc0                HAL_TIMEx_Break2Callback
 .text.HAL_TIMEx_EncoderIndexCallback
                0x08001bc4        0x4 CMakeFiles/brushless_g431_v1.dir/Drivers/STM32G4xx_HAL_Driver/Src/stm32g4xx_hal_tim_ex.c.obj
                0x08001bc4                HAL_TIMEx_EncoderIndexCallback
 .text.HAL_TIMEx_DirectionChangeCallback
                0x08001bc8        0x4 CMakeFiles/brushless_g431_v1.dir/Drivers/STM32G4xx_HAL_Driver/Src/stm32g4xx_hal_tim_ex.c.obj
                0x08001bc8                HAL_TIMEx_DirectionChangeCallback
 .text.HAL_TIMEx_IndexErrorCallback
                0x08001bcc        0x4 CMakeFiles/brushless_g431_v1.dir/Drivers/STM32G4xx_HAL_Driver/Src/stm32g4xx_hal_tim_ex.c.obj
                0x08001bcc                HAL_TIMEx_IndexErrorCallback
 .text.HAL_TIMEx_TransitionErrorCallback
                0x08001bd0        0x4 CMakeFiles/brushless_g431_v1.dir/Drivers/STM32G4xx_HAL_Driver/Src/stm32g4xx_hal_tim_ex.c.obj
                0x08001bd0                HAL_TIMEx_TransitionErrorCallback
 .text.HAL_InitTick
                0x08001bd4       0x4c CMakeFiles/brushless_g431_v1.dir/Drivers/STM32G4xx_HAL_Driver/Src/stm32g4xx_hal.c.obj
                0x08001bd4                HAL_InitTick
 .text.HAL_Init
                0x08001c20       0x20 CMakeFiles/brushless_g431_v1.dir/Drivers/STM32G4xx_HAL_Driver/Src/stm32g4xx_hal.c.obj
                0x08001c20                HAL_Init
 .text.HAL_IncTick
                0x08001c40       0x18 CMakeFiles/brushless_g431_v1.dir/Drivers/STM32G4xx_HAL_Driver/Src/stm32g4xx_hal.c.obj
                0x08001c40                HAL_IncTick
 .text.HAL_GetTick
                0x08001c58        0xc CMakeFiles/brushless_g431_v1.dir/Drivers/STM32G4xx_HAL_Driver/Src/stm32g4xx_hal.c.obj
                0x08001c58                HAL_GetTick
 .text.HAL_RCC_OscConfig
                0x08001c64      0x48c CMakeFiles/brushless_g431_v1.dir/Drivers/STM32G4xx_HAL_Driver/Src/stm32g4xx_hal_rcc.c.obj
                0x08001c64                HAL_RCC_OscConfig
 .text.HAL_RCC_GetSysClockFreq
                0x080020f0       0x70 CMakeFiles/brushless_g431_v1.dir/Drivers/STM32G4xx_HAL_Driver/Src/stm32g4xx_hal_rcc.c.obj
                0x080020f0                HAL_RCC_GetSysClockFreq
 .text.HAL_RCC_ClockConfig
                0x08002160      0x208 CMakeFiles/brushless_g431_v1.dir/Drivers/STM32G4xx_HAL_Driver/Src/stm32g4xx_hal_rcc.c.obj
                0x08002160                HAL_RCC_ClockConfig
 .text.HAL_RCC_GetPCLK1Freq
                0x08002368       0x24 CMakeFiles/brushless_g431_v1.dir/Drivers/STM32G4xx_HAL_Driver/Src/stm32g4xx_hal_rcc.c.obj
                0x08002368                HAL_RCC_GetPCLK1Freq
 .text.HAL_RCC_GetPCLK2Freq
                0x0800238c       0x24 CMakeFiles/brushless_g431_v1.dir/Drivers/STM32G4xx_HAL_Driver/Src/stm32g4xx_hal_rcc.c.obj
                0x0800238c                HAL_RCC_GetPCLK2Freq
 .text.HAL_RCCEx_PeriphCLKConfig
                0x080023b0      0x2a0 CMakeFiles/brushless_g431_v1.dir/Drivers/STM32G4xx_HAL_Driver/Src/stm32g4xx_hal_rcc_ex.c.obj
                0x080023b0                HAL_RCCEx_PeriphCLKConfig
 .text.HAL_GPIO_Init
                0x08002650      0x210 CMakeFiles/brushless_g431_v1.dir/Drivers/STM32G4xx_HAL_Driver/Src/stm32g4xx_hal_gpio.c.obj
                0x08002650                HAL_GPIO_Init
 .text.HAL_GPIO_ReadPin
                0x08002860        0xc CMakeFiles/brushless_g431_v1.dir/Drivers/STM32G4xx_HAL_Driver/Src/stm32g4xx_hal_gpio.c.obj
                0x08002860                HAL_GPIO_ReadPin
 .text.HAL_NVIC_SetPriorityGrouping
                0x0800286c       0x24 CMakeFiles/brushless_g431_v1.dir/Drivers/STM32G4xx_HAL_Driver/Src/stm32g4xx_hal_cortex.c.obj
                0x0800286c                HAL_NVIC_SetPriorityGrouping
 .text.HAL_NVIC_SetPriority
                0x08002890       0x78 CMakeFiles/brushless_g431_v1.dir/Drivers/STM32G4xx_HAL_Driver/Src/stm32g4xx_hal_cortex.c.obj
                0x08002890                HAL_NVIC_SetPriority
 .text.HAL_NVIC_EnableIRQ
                0x08002908       0x1c CMakeFiles/brushless_g431_v1.dir/Drivers/STM32G4xx_HAL_Driver/Src/stm32g4xx_hal_cortex.c.obj
                0x08002908                HAL_NVIC_EnableIRQ
 .text.HAL_SYSTICK_Config
                0x08002924       0x34 CMakeFiles/brushless_g431_v1.dir/Drivers/STM32G4xx_HAL_Driver/Src/stm32g4xx_hal_cortex.c.obj
                0x08002924                HAL_SYSTICK_Config
 .text.HAL_UART_Transmit
                0x08002958       0xe8 CMakeFiles/brushless_g431_v1.dir/Drivers/STM32G4xx_HAL_Driver/Src/stm32g4xx_hal_uart.c.obj
                0x08002958                HAL_UART_Transmit
 .text.UART_SetConfig
                0x08002a40      0x294 CMakeFiles/brushless_g431_v1.dir/Drivers/STM32G4xx_HAL_Driver/Src/stm32g4xx_hal_uart.c.obj
                0x08002a40                UART_SetConfig
 .text.UART_AdvFeatureConfig
                0x08002cd4       0xb0 CMakeFiles/brushless_g431_v1.dir/Drivers/STM32G4xx_HAL_Driver/Src/stm32g4xx_hal_uart.c.obj
                0x08002cd4                UART_AdvFeatureConfig
 .text.UART_CheckIdleState
                0x08002d84      0x258 CMakeFiles/brushless_g431_v1.dir/Drivers/STM32G4xx_HAL_Driver/Src/stm32g4xx_hal_uart.c.obj
                0x08002d84                UART_CheckIdleState
 .text.HAL_UART_Init
                0x08002fdc       0x68 CMakeFiles/brushless_g431_v1.dir/Drivers/STM32G4xx_HAL_Driver/Src/stm32g4xx_hal_uart.c.obj
                0x08002fdc                HAL_UART_Init
 .text.HAL_UARTEx_DisableFifoMode
                0x08003044       0x3c CMakeFiles/brushless_g431_v1.dir/Drivers/STM32G4xx_HAL_Driver/Src/stm32g4xx_hal_uart_ex.c.obj
                0x08003044                HAL_UARTEx_DisableFifoMode
 .text.HAL_UARTEx_SetTxFifoThreshold
                0x08003080       0x84 CMakeFiles/brushless_g431_v1.dir/Drivers/STM32G4xx_HAL_Driver/Src/stm32g4xx_hal_uart_ex.c.obj
                0x08003080                HAL_UARTEx_SetTxFifoThreshold
 .text.HAL_UARTEx_SetRxFifoThreshold
                0x08003104       0x84 CMakeFiles/brushless_g431_v1.dir/Drivers/STM32G4xx_HAL_Driver/Src/stm32g4xx_hal_uart_ex.c.obj
                0x08003104                HAL_UARTEx_SetRxFifoThreshold
 .text.SystemInit
                0x08003188       0x14 CMakeFiles/brushless_g431_v1.dir/Core/Src/system_stm32g4xx.c.obj
                0x08003188                SystemInit
 .text._sbrk    0x0800319c       0x44 CMakeFiles/brushless_g431_v1.dir/Core/Src/sysmem.c.obj
                0x0800319c                _sbrk
 .text.Reset_Handler
                0x080031e0       0x50 CMakeFiles/brushless_g431_v1.dir/startup_stm32g431xx.s.obj
                0x080031e0                Reset_Handler
 .text.Default_Handler
                0x08003230        0x2 CMakeFiles/brushless_g431_v1.dir/startup_stm32g431xx.s.obj
                0x08003230                RTC_Alarm_IRQHandler
                0x08003230                EXTI2_IRQHandler
                0x08003230                TIM8_TRG_COM_IRQHandler
                0x08003230                TIM8_CC_IRQHandler
                0x08003230                TIM1_CC_IRQHandler
                0x08003230                USB_HP_IRQHandler
                0x08003230                CORDIC_IRQHandler
                0x08003230                EXTI3_IRQHandler
                0x08003230                I2C3_ER_IRQHandler
                0x08003230                EXTI0_IRQHandler
                0x08003230                I2C2_EV_IRQHandler
                0x08003230                FPU_IRQHandler
                0x08003230                FDCAN1_IT1_IRQHandler
                0x08003230                TIM1_UP_TIM16_IRQHandler
                0x08003230                ADC1_2_IRQHandler
                0x08003230                SPI1_IRQHandler
                0x08003230                TIM6_DAC_IRQHandler
                0x08003230                TIM8_UP_IRQHandler
                0x08003230                DMA2_Channel2_IRQHandler
                0x08003230                DMA1_Channel4_IRQHandler
                0x08003230                USART3_IRQHandler
                0x08003230                TIM4_IRQHandler
                0x08003230                DMA2_Channel1_IRQHandler
                0x08003230                I2C1_EV_IRQHandler
                0x08003230                DMA1_Channel6_IRQHandler
                0x08003230                UART4_IRQHandler
                0x08003230                DMA2_Channel4_IRQHandler
                0x08003230                TIM3_IRQHandler
                0x08003230                RCC_IRQHandler
                0x08003230                DMA1_Channel1_IRQHandler
                0x08003230                Default_Handler
                0x08003230                RTC_TAMP_LSECSS_IRQHandler
                0x08003230                FMAC_IRQHandler
                0x08003230                EXTI15_10_IRQHandler
                0x08003230                UCPD1_IRQHandler
                0x08003230                I2C3_EV_IRQHandler
                0x08003230                EXTI9_5_IRQHandler
                0x08003230                RTC_WKUP_IRQHandler
                0x08003230                PVD_PVM_IRQHandler
                0x08003230                SPI2_IRQHandler
                0x08003230                DMA2_Channel5_IRQHandler
                0x08003230                CRS_IRQHandler
                0x08003230                DMA1_Channel5_IRQHandler
                0x08003230                USB_LP_IRQHandler
                0x08003230                EXTI4_IRQHandler
                0x08003230                RNG_IRQHandler
                0x08003230                TIM1_TRG_COM_TIM17_IRQHandler
                0x08003230                DMA1_Channel3_IRQHandler
                0x08003230                WWDG_IRQHandler
                0x08003230                LPUART1_IRQHandler
                0x08003230                DMA2_Channel6_IRQHandler
                0x08003230                FDCAN1_IT0_IRQHandler
                0x08003230                TIM2_IRQHandler
                0x08003230                COMP1_2_3_IRQHandler
                0x08003230                EXTI1_IRQHandler
                0x08003230                USART2_IRQHandler
                0x08003230                I2C2_ER_IRQHandler
                0x08003230                DMA1_Channel2_IRQHandler
                0x08003230                TIM8_BRK_IRQHandler
                0x08003230                FLASH_IRQHandler
                0x08003230                USART1_IRQHandler
                0x08003230                SPI3_IRQHandler
                0x08003230                I2C1_ER_IRQHandler
                0x08003230                LPTIM1_IRQHandler
                0x08003230                DMAMUX_OVR_IRQHandler
                0x08003230                USBWakeUp_IRQHandler
                0x08003230                SAI1_IRQHandler
                0x08003230                DMA2_Channel3_IRQHandler
                0x08003230                COMP4_IRQHandler
                0x08003230                TIM1_BRK_TIM15_IRQHandler
 .text.__aeabi_atexit
                0x08003232        0xa /opt/st/stm32cubeclt_1.17.0/GNU-tools-for-STM32/bin/../lib/gcc/arm-none-eabi/12.3.1/../../../../arm-none-eabi/lib/thumb/v7e-m+fp/hard/libstdc++_nano.a(atexit_arm.o)
                0x08003232                __aeabi_atexit
 .text.__cxa_atexit
                0x0800323c       0x1c /opt/st/stm32cubeclt_1.17.0/GNU-tools-for-STM32/bin/../lib/gcc/arm-none-eabi/12.3.1/../../../../arm-none-eabi/lib/thumb/v7e-m+fp/hard/libc_nano.a(libc_a-cxa_atexit.o)
                0x0800323c                __cxa_atexit
 .text._vsnprintf_r
                0x08003258       0x56 /opt/st/stm32cubeclt_1.17.0/GNU-tools-for-STM32/bin/../lib/gcc/arm-none-eabi/12.3.1/../../../../arm-none-eabi/lib/thumb/v7e-m+fp/hard/libc_nano.a(libc_a-vsnprintf.o)
                0x08003258                _vsnprintf_r
                0x08003258                _vsniprintf_r
 *fill*         0x080032ae        0x2 
 .text.vsnprintf
                0x080032b0       0x1c /opt/st/stm32cubeclt_1.17.0/GNU-tools-for-STM32/bin/../lib/gcc/arm-none-eabi/12.3.1/../../../../arm-none-eabi/lib/thumb/v7e-m+fp/hard/libc_nano.a(libc_a-vsnprintf.o)
                0x080032b0                vsnprintf
                0x080032b0                vsniprintf
 .text.memset   0x080032cc       0x10 /opt/st/stm32cubeclt_1.17.0/GNU-tools-for-STM32/bin/../lib/gcc/arm-none-eabi/12.3.1/../../../../arm-none-eabi/lib/thumb/v7e-m+fp/hard/libc_nano.a(libc_a-memset.o)
                0x080032cc                memset
 .text.__errno  0x080032dc        0xc /opt/st/stm32cubeclt_1.17.0/GNU-tools-for-STM32/bin/../lib/gcc/arm-none-eabi/12.3.1/../../../../arm-none-eabi/lib/thumb/v7e-m+fp/hard/libc_nano.a(libc_a-errno.o)
                0x080032dc                __errno
 .text.__libc_init_array
                0x080032e8       0x48 /opt/st/stm32cubeclt_1.17.0/GNU-tools-for-STM32/bin/../lib/gcc/arm-none-eabi/12.3.1/../../../../arm-none-eabi/lib/thumb/v7e-m+fp/hard/libc_nano.a(libc_a-init.o)
                0x080032e8                __libc_init_array
 .text.__retarget_lock_acquire_recursive
                0x08003330        0x2 /opt/st/stm32cubeclt_1.17.0/GNU-tools-for-STM32/bin/../lib/gcc/arm-none-eabi/12.3.1/../../../../arm-none-eabi/lib/thumb/v7e-m+fp/hard/libc_nano.a(libc_a-lock.o)
                0x08003330                __retarget_lock_acquire_recursive
 .text.__retarget_lock_release_recursive
                0x08003332        0x2 /opt/st/stm32cubeclt_1.17.0/GNU-tools-for-STM32/bin/../lib/gcc/arm-none-eabi/12.3.1/../../../../arm-none-eabi/lib/thumb/v7e-m+fp/hard/libc_nano.a(libc_a-lock.o)
                0x08003332                __retarget_lock_release_recursive
 .text._free_r  0x08003334       0x94 /opt/st/stm32cubeclt_1.17.0/GNU-tools-for-STM32/bin/../lib/gcc/arm-none-eabi/12.3.1/../../../../arm-none-eabi/lib/thumb/v7e-m+fp/hard/libc_nano.a(libc_a-freer.o)
                0x08003334                _free_r
 .text.sbrk_aligned
                0x080033c8       0x44 /opt/st/stm32cubeclt_1.17.0/GNU-tools-for-STM32/bin/../lib/gcc/arm-none-eabi/12.3.1/../../../../arm-none-eabi/lib/thumb/v7e-m+fp/hard/libc_nano.a(libc_a-mallocr.o)
 .text._malloc_r
                0x0800340c      0x100 /opt/st/stm32cubeclt_1.17.0/GNU-tools-for-STM32/bin/../lib/gcc/arm-none-eabi/12.3.1/../../../../arm-none-eabi/lib/thumb/v7e-m+fp/hard/libc_nano.a(libc_a-mallocr.o)
                0x0800340c                _malloc_r
 .text.__malloc_lock
                0x0800350c        0xc /opt/st/stm32cubeclt_1.17.0/GNU-tools-for-STM32/bin/../lib/gcc/arm-none-eabi/12.3.1/../../../../arm-none-eabi/lib/thumb/v7e-m+fp/hard/libc_nano.a(libc_a-mlock.o)
                0x0800350c                __malloc_lock
 .text.__malloc_unlock
                0x08003518        0xc /opt/st/stm32cubeclt_1.17.0/GNU-tools-for-STM32/bin/../lib/gcc/arm-none-eabi/12.3.1/../../../../arm-none-eabi/lib/thumb/v7e-m+fp/hard/libc_nano.a(libc_a-mlock.o)
                0x08003518                __malloc_unlock
 .text.__ssputs_r
                0x08003524       0xb6 /opt/st/stm32cubeclt_1.17.0/GNU-tools-for-STM32/bin/../lib/gcc/arm-none-eabi/12.3.1/../../../../arm-none-eabi/lib/thumb/v7e-m+fp/hard/libc_nano.a(libc_a-nano-svfprintf.o)
                0x08003524                __ssputs_r
 *fill*         0x080035da        0x2 
 .text._svfprintf_r
                0x080035dc      0x1f8 /opt/st/stm32cubeclt_1.17.0/GNU-tools-for-STM32/bin/../lib/gcc/arm-none-eabi/12.3.1/../../../../arm-none-eabi/lib/thumb/v7e-m+fp/hard/libc_nano.a(libc_a-nano-svfprintf.o)
                0x080035dc                _svfprintf_r
                0x080035dc                _svfiprintf_r
 .text._printf_common
                0x080037d4       0xda /opt/st/stm32cubeclt_1.17.0/GNU-tools-for-STM32/bin/../lib/gcc/arm-none-eabi/12.3.1/../../../../arm-none-eabi/lib/thumb/v7e-m+fp/hard/libc_nano.a(libc_a-nano-vfprintf_i.o)
                0x080037d4                _printf_common
 *fill*         0x080038ae        0x2 
 .text._printf_i
                0x080038b0      0x240 /opt/st/stm32cubeclt_1.17.0/GNU-tools-for-STM32/bin/../lib/gcc/arm-none-eabi/12.3.1/../../../../arm-none-eabi/lib/thumb/v7e-m+fp/hard/libc_nano.a(libc_a-nano-vfprintf_i.o)
                0x080038b0                _printf_i
 .text.memmove  0x08003af0       0x34 /opt/st/stm32cubeclt_1.17.0/GNU-tools-for-STM32/bin/../lib/gcc/arm-none-eabi/12.3.1/../../../../arm-none-eabi/lib/thumb/v7e-m+fp/hard/libc_nano.a(libc_a-memmove.o)
                0x08003af0                memmove
 .text._sbrk_r  0x08003b24       0x20 /opt/st/stm32cubeclt_1.17.0/GNU-tools-for-STM32/bin/../lib/gcc/arm-none-eabi/12.3.1/../../../../arm-none-eabi/lib/thumb/v7e-m+fp/hard/libc_nano.a(libc_a-sbrkr.o)
                0x08003b24                _sbrk_r
 .text.memcpy   0x08003b44       0x1c /opt/st/stm32cubeclt_1.17.0/GNU-tools-for-STM32/bin/../lib/gcc/arm-none-eabi/12.3.1/../../../../arm-none-eabi/lib/thumb/v7e-m+fp/hard/libc_nano.a(libc_a-memcpy-stub.o)
                0x08003b44                memcpy
 .text._realloc_r
                0x08003b60       0x5c /opt/st/stm32cubeclt_1.17.0/GNU-tools-for-STM32/bin/../lib/gcc/arm-none-eabi/12.3.1/../../../../arm-none-eabi/lib/thumb/v7e-m+fp/hard/libc_nano.a(libc_a-reallocr.o)
                0x08003b60                _realloc_r
 .text._malloc_usable_size_r
                0x08003bbc       0x10 /opt/st/stm32cubeclt_1.17.0/GNU-tools-for-STM32/bin/../lib/gcc/arm-none-eabi/12.3.1/../../../../arm-none-eabi/lib/thumb/v7e-m+fp/hard/libc_nano.a(libc_a-msizer.o)
                0x08003bbc                _malloc_usable_size_r
 *(.glue_7)
 .glue_7        0x08003bcc        0x0 linker stubs
 *(.glue_7t)
 .glue_7t       0x08003bcc        0x0 linker stubs
 *(.eh_frame)
 .eh_frame      0x08003bcc        0x0 /opt/st/stm32cubeclt_1.17.0/GNU-tools-for-STM32/bin/../lib/gcc/arm-none-eabi/12.3.1/thumb/v7e-m+fp/hard/crtbegin.o
 *(.init)
 .init          0x08003bcc        0x4 /opt/st/stm32cubeclt_1.17.0/GNU-tools-for-STM32/bin/../lib/gcc/arm-none-eabi/12.3.1/thumb/v7e-m+fp/hard/crti.o
                0x08003bcc                _init
 .init          0x08003bd0        0x8 /opt/st/stm32cubeclt_1.17.0/GNU-tools-for-STM32/bin/../lib/gcc/arm-none-eabi/12.3.1/thumb/v7e-m+fp/hard/crtn.o
 *(.fini)
 .fini          0x08003bd8        0x4 /opt/st/stm32cubeclt_1.17.0/GNU-tools-for-STM32/bin/../lib/gcc/arm-none-eabi/12.3.1/thumb/v7e-m+fp/hard/crti.o
                0x08003bd8                _fini
 .fini          0x08003bdc        0x8 /opt/st/stm32cubeclt_1.17.0/GNU-tools-for-STM32/bin/../lib/gcc/arm-none-eabi/12.3.1/thumb/v7e-m+fp/hard/crtn.o
                0x08003be4                        . = ALIGN (0x4)
                0x08003be4                        _etext = .

.vfp11_veneer   0x08003be4        0x0
 .vfp11_veneer  0x08003be4        0x0 linker stubs

.v4_bx          0x08003be4        0x0
 .v4_bx         0x08003be4        0x0 linker stubs

.iplt           0x08003be4        0x0
 .iplt          0x08003be4        0x0 /opt/st/stm32cubeclt_1.17.0/GNU-tools-for-STM32/bin/../lib/gcc/arm-none-eabi/12.3.1/thumb/v7e-m+fp/hard/crtbegin.o

.rodata         0x08003be4       0x84
                0x08003be4                        . = ALIGN (0x4)
 *(.rodata)
 *(.rodata*)
 .rodata._ZN8UserCode13cpp_main_initEv.str1.4
                0x08003be4       0x10 CMakeFiles/brushless_g431_v1.dir/UserCode/cpp_main.cpp.obj
 .rodata.UARTPrescTable
                0x08003bf4       0x18 CMakeFiles/brushless_g431_v1.dir/Drivers/STM32G4xx_HAL_Driver/Src/stm32g4xx_hal_uart.c.obj
                0x08003bf4                UARTPrescTable
 .rodata.denominator.0
                0x08003c0c        0x8 CMakeFiles/brushless_g431_v1.dir/Drivers/STM32G4xx_HAL_Driver/Src/stm32g4xx_hal_uart_ex.c.obj
 .rodata.numerator.1
                0x08003c14        0x8 CMakeFiles/brushless_g431_v1.dir/Drivers/STM32G4xx_HAL_Driver/Src/stm32g4xx_hal_uart_ex.c.obj
 .rodata.APBPrescTable
                0x08003c1c        0x8 CMakeFiles/brushless_g431_v1.dir/Core/Src/system_stm32g4xx.c.obj
                0x08003c1c                APBPrescTable
 .rodata.AHBPrescTable
                0x08003c24       0x10 CMakeFiles/brushless_g431_v1.dir/Core/Src/system_stm32g4xx.c.obj
                0x08003c24                AHBPrescTable
 .rodata._svfprintf_r.str1.1
                0x08003c34       0x11 /opt/st/stm32cubeclt_1.17.0/GNU-tools-for-STM32/bin/../lib/gcc/arm-none-eabi/12.3.1/../../../../arm-none-eabi/lib/thumb/v7e-m+fp/hard/libc_nano.a(libc_a-nano-svfprintf.o)
 .rodata._printf_i.str1.1
                0x08003c45       0x22 /opt/st/stm32cubeclt_1.17.0/GNU-tools-for-STM32/bin/../lib/gcc/arm-none-eabi/12.3.1/../../../../arm-none-eabi/lib/thumb/v7e-m+fp/hard/libc_nano.a(libc_a-nano-vfprintf_i.o)
                0x08003c68                        . = ALIGN (0x4)
 *fill*         0x08003c67        0x1 

.ARM.extab
 *(.ARM.extab* .gnu.linkonce.armextab.*)

.ARM            0x08003c68        0x8
                0x08003c68                        __exidx_start = .
 *(.ARM.exidx*)
 .ARM.exidx     0x08003c68        0x8 /opt/st/stm32cubeclt_1.17.0/GNU-tools-for-STM32/bin/../lib/gcc/arm-none-eabi/12.3.1/../../../../arm-none-eabi/lib/thumb/v7e-m+fp/hard/libc_nano.a(libc_a-strlen.o)
 .ARM.exidx     0x08003c70        0x0 /opt/st/stm32cubeclt_1.17.0/GNU-tools-for-STM32/bin/../lib/gcc/arm-none-eabi/12.3.1/../../../../arm-none-eabi/lib/thumb/v7e-m+fp/hard/libc_nano.a(libc_a-memchr.o)
                                  0x8 (size before relaxing)
 .ARM.exidx     0x08003c70        0x0 /opt/st/stm32cubeclt_1.17.0/GNU-tools-for-STM32/bin/../lib/gcc/arm-none-eabi/12.3.1/thumb/v7e-m+fp/hard/libgcc.a(_udivmoddi4.o)
                                  0x8 (size before relaxing)
                0x08003c70                        __exidx_end = .

.rel.dyn        0x08003c70        0x0
 .rel.iplt      0x08003c70        0x0 /opt/st/stm32cubeclt_1.17.0/GNU-tools-for-STM32/bin/../lib/gcc/arm-none-eabi/12.3.1/thumb/v7e-m+fp/hard/crtbegin.o

.preinit_array  0x08003c70        0x0
                0x08003c70                        PROVIDE (__preinit_array_start = .)
 *(.preinit_array*)
                0x08003c70                        PROVIDE (__preinit_array_end = .)

.init_array     0x08003c70        0x8
                0x08003c70                        PROVIDE (__init_array_start = .)
 *(SORT_BY_NAME(.init_array.*))
 *(.init_array*)
 .init_array    0x08003c70        0x4 /opt/st/stm32cubeclt_1.17.0/GNU-tools-for-STM32/bin/../lib/gcc/arm-none-eabi/12.3.1/thumb/v7e-m+fp/hard/crtbegin.o
 .init_array    0x08003c74        0x4 CMakeFiles/brushless_g431_v1.dir/UserCode/cpp_main.cpp.obj
                0x08003c78                        PROVIDE (__init_array_end = .)

.fini_array     0x08003c78        0x4
                [!provide]                        PROVIDE (__fini_array_start = .)
 *(SORT_BY_NAME(.fini_array.*))
 *(.fini_array*)
 .fini_array    0x08003c78        0x4 /opt/st/stm32cubeclt_1.17.0/GNU-tools-for-STM32/bin/../lib/gcc/arm-none-eabi/12.3.1/thumb/v7e-m+fp/hard/crtbegin.o
                [!provide]                        PROVIDE (__fini_array_end = .)
                0x08003c7c                        _sidata = LOADADDR (.data)

.data           0x20000000       0x60 load address 0x08003c7c
                0x20000000                        . = ALIGN (0x4)
                0x20000000                        _sdata = .
 *(.data)
 .data          0x20000000        0x4 /opt/st/stm32cubeclt_1.17.0/GNU-tools-for-STM32/bin/../lib/gcc/arm-none-eabi/12.3.1/thumb/v7e-m+fp/hard/crtbegin.o
                0x20000000                __dso_handle
 *(.data*)
 .data.uwTickFreq
                0x20000004        0x4 CMakeFiles/brushless_g431_v1.dir/Drivers/STM32G4xx_HAL_Driver/Src/stm32g4xx_hal.c.obj
                0x20000004                uwTickFreq
 .data.uwTickPrio
                0x20000008        0x4 CMakeFiles/brushless_g431_v1.dir/Drivers/STM32G4xx_HAL_Driver/Src/stm32g4xx_hal.c.obj
                0x20000008                uwTickPrio
 .data.SystemCoreClock
                0x2000000c        0x4 CMakeFiles/brushless_g431_v1.dir/Core/Src/system_stm32g4xx.c.obj
                0x2000000c                SystemCoreClock
 .data._impure_ptr
                0x20000010        0x4 /opt/st/stm32cubeclt_1.17.0/GNU-tools-for-STM32/bin/../lib/gcc/arm-none-eabi/12.3.1/../../../../arm-none-eabi/lib/thumb/v7e-m+fp/hard/libc_nano.a(libc_a-impure.o)
                0x20000010                _impure_ptr
 .data._impure_data
                0x20000014       0x4c /opt/st/stm32cubeclt_1.17.0/GNU-tools-for-STM32/bin/../lib/gcc/arm-none-eabi/12.3.1/../../../../arm-none-eabi/lib/thumb/v7e-m+fp/hard/libc_nano.a(libc_a-impure.o)
                0x20000014                _impure_data
                0x20000060                        . = ALIGN (0x4)
                0x20000060                        _edata = .

.igot.plt       0x20000060        0x0 load address 0x08003cdc
 .igot.plt      0x20000060        0x0 /opt/st/stm32cubeclt_1.17.0/GNU-tools-for-STM32/bin/../lib/gcc/arm-none-eabi/12.3.1/thumb/v7e-m+fp/hard/crtbegin.o
                0x20000060                        . = ALIGN (0x4)

.bss            0x20000060      0x2e4 load address 0x08003cdc
                0x20000060                        _sbss = .
                0x20000060                        __bss_start__ = _sbss
 *(.bss)
 .bss           0x20000060       0x1c /opt/st/stm32cubeclt_1.17.0/GNU-tools-for-STM32/bin/../lib/gcc/arm-none-eabi/12.3.1/thumb/v7e-m+fp/hard/crtbegin.o
 *(.bss*)
 .bss._ZN8UserCode10is_startedE
                0x2000007c        0x3 CMakeFiles/brushless_g431_v1.dir/UserCode/cpp_main.cpp.obj
                0x2000007c                UserCode::is_started
 *fill*         0x2000007f        0x1 
 .bss._ZN8UserCode4dutyE
                0x20000080        0x2 CMakeFiles/brushless_g431_v1.dir/UserCode/cpp_main.cpp.obj
                0x20000080                UserCode::duty
 *fill*         0x20000082        0x2 
 .bss._ZN8UserCode6stlinkE
                0x20000084        0x8 CMakeFiles/brushless_g431_v1.dir/UserCode/cpp_main.cpp.obj
                0x20000084                UserCode::stlink
 *fill*         0x2000008c        0x4 
 .bss._ZN8UserCode16hard_timer_10kHzE
                0x20000090       0x14 CMakeFiles/brushless_g431_v1.dir/UserCode/cpp_main.cpp.obj
                0x20000090                UserCode::hard_timer_10kHz
 .bss._ZN8UserCode13hall_sensor_3E
                0x200000a4        0x8 CMakeFiles/brushless_g431_v1.dir/UserCode/cpp_main.cpp.obj
                0x200000a4                UserCode::hall_sensor_3
 .bss._ZN8UserCode13hall_sensor_2E
                0x200000ac        0x8 CMakeFiles/brushless_g431_v1.dir/UserCode/cpp_main.cpp.obj
                0x200000ac                UserCode::hall_sensor_2
 .bss._ZN8UserCode13hall_sensor_1E
                0x200000b4        0x8 CMakeFiles/brushless_g431_v1.dir/UserCode/cpp_main.cpp.obj
                0x200000b4                UserCode::hall_sensor_1
 *fill*         0x200000bc        0x4 
 .bss.htim7     0x200000c0       0x4c CMakeFiles/brushless_g431_v1.dir/Core/Src/tim.c.obj
                0x200000c0                htim7
 *fill*         0x2000010c        0x4 
 .bss.htim1     0x20000110       0x4c CMakeFiles/brushless_g431_v1.dir/Core/Src/tim.c.obj
                0x20000110                htim1
 *fill*         0x2000015c        0x4 
 .bss.huart2    0x20000160       0x94 CMakeFiles/brushless_g431_v1.dir/Core/Src/usart.c.obj
                0x20000160                huart2
 .bss.uwTick    0x200001f4        0x4 CMakeFiles/brushless_g431_v1.dir/Drivers/STM32G4xx_HAL_Driver/Src/stm32g4xx_hal.c.obj
                0x200001f4                uwTick
 .bss.__sbrk_heap_end
                0x200001f8        0x4 CMakeFiles/brushless_g431_v1.dir/Core/Src/sysmem.c.obj
 .bss.__sf      0x200001fc      0x138 /opt/st/stm32cubeclt_1.17.0/GNU-tools-for-STM32/bin/../lib/gcc/arm-none-eabi/12.3.1/../../../../arm-none-eabi/lib/thumb/v7e-m+fp/hard/libc_nano.a(libc_a-findfp.o)
                0x200001fc                __sf
 .bss.errno     0x20000334        0x4 /opt/st/stm32cubeclt_1.17.0/GNU-tools-for-STM32/bin/../lib/gcc/arm-none-eabi/12.3.1/../../../../arm-none-eabi/lib/thumb/v7e-m+fp/hard/libc_nano.a(libc_a-reent.o)
                0x20000334                errno
 .bss.__lock___malloc_recursive_mutex
                0x20000338        0x1 /opt/st/stm32cubeclt_1.17.0/GNU-tools-for-STM32/bin/../lib/gcc/arm-none-eabi/12.3.1/../../../../arm-none-eabi/lib/thumb/v7e-m+fp/hard/libc_nano.a(libc_a-lock.o)
                0x20000338                __lock___malloc_recursive_mutex
 *fill*         0x20000339        0x3 
 .bss.__malloc_sbrk_start
                0x2000033c        0x4 /opt/st/stm32cubeclt_1.17.0/GNU-tools-for-STM32/bin/../lib/gcc/arm-none-eabi/12.3.1/../../../../arm-none-eabi/lib/thumb/v7e-m+fp/hard/libc_nano.a(libc_a-mallocr.o)
                0x2000033c                __malloc_sbrk_start
 .bss.__malloc_free_list
                0x20000340        0x4 /opt/st/stm32cubeclt_1.17.0/GNU-tools-for-STM32/bin/../lib/gcc/arm-none-eabi/12.3.1/../../../../arm-none-eabi/lib/thumb/v7e-m+fp/hard/libc_nano.a(libc_a-mallocr.o)
                0x20000340                __malloc_free_list
 *(COMMON)
                0x20000344                        . = ALIGN (0x4)
                0x20000344                        _ebss = .
                0x20000344                        __bss_end__ = _ebss

._user_heap_stack
                0x20000344      0x604 load address 0x08003cdc
                0x20000348                        . = ALIGN (0x8)
 *fill*         0x20000344        0x4 
                [!provide]                        PROVIDE (end = .)
                0x20000348                        PROVIDE (_end = .)
                0x20000548                        . = (. + _Min_Heap_Size)
 *fill*         0x20000348      0x200 
                0x20000948                        . = (. + _Min_Stack_Size)
 *fill*         0x20000548      0x400 
                0x20000948                        . = ALIGN (0x8)

/DISCARD/
 libc.a(*)
 libm.a(*)
 libgcc.a(*)
OUTPUT(brushless_g431_v1.elf elf32-littlearm)
LOAD linker stubs
LOAD /opt/st/stm32cubeclt_1.17.0/GNU-tools-for-STM32/bin/../lib/gcc/arm-none-eabi/12.3.1/../../../../arm-none-eabi/lib/thumb/v7e-m+fp/hard/libc.a
LOAD /opt/st/stm32cubeclt_1.17.0/GNU-tools-for-STM32/bin/../lib/gcc/arm-none-eabi/12.3.1/../../../../arm-none-eabi/lib/thumb/v7e-m+fp/hard/libm.a
LOAD /opt/st/stm32cubeclt_1.17.0/GNU-tools-for-STM32/bin/../lib/gcc/arm-none-eabi/12.3.1/thumb/v7e-m+fp/hard/libgcc.a

.ARM.attributes
                0x00000000       0x30
 .ARM.attributes
                0x00000000       0x22 /opt/st/stm32cubeclt_1.17.0/GNU-tools-for-STM32/bin/../lib/gcc/arm-none-eabi/12.3.1/thumb/v7e-m+fp/hard/crti.o
 .ARM.attributes
                0x00000022       0x34 /opt/st/stm32cubeclt_1.17.0/GNU-tools-for-STM32/bin/../lib/gcc/arm-none-eabi/12.3.1/thumb/v7e-m+fp/hard/crtbegin.o
 .ARM.attributes
                0x00000056       0x34 CMakeFiles/brushless_g431_v1.dir/UserCode/cpp_main.cpp.obj
 .ARM.attributes
                0x0000008a       0x34 CMakeFiles/brushless_g431_v1.dir/Core/Src/main.c.obj
 .ARM.attributes
                0x000000be       0x34 CMakeFiles/brushless_g431_v1.dir/Core/Src/gpio.c.obj
 .ARM.attributes
                0x000000f2       0x34 CMakeFiles/brushless_g431_v1.dir/Core/Src/tim.c.obj
 .ARM.attributes
                0x00000126       0x34 CMakeFiles/brushless_g431_v1.dir/Core/Src/usart.c.obj
 .ARM.attributes
                0x0000015a       0x34 CMakeFiles/brushless_g431_v1.dir/Core/Src/stm32g4xx_it.c.obj
 .ARM.attributes
                0x0000018e       0x34 CMakeFiles/brushless_g431_v1.dir/Core/Src/stm32g4xx_hal_msp.c.obj
 .ARM.attributes
                0x000001c2       0x34 CMakeFiles/brushless_g431_v1.dir/Drivers/STM32G4xx_HAL_Driver/Src/stm32g4xx_hal_pwr_ex.c.obj
 .ARM.attributes
                0x000001f6       0x34 CMakeFiles/brushless_g431_v1.dir/Drivers/STM32G4xx_HAL_Driver/Src/stm32g4xx_hal_tim.c.obj
 .ARM.attributes
                0x0000022a       0x34 CMakeFiles/brushless_g431_v1.dir/Drivers/STM32G4xx_HAL_Driver/Src/stm32g4xx_hal_tim_ex.c.obj
 .ARM.attributes
                0x0000025e       0x34 CMakeFiles/brushless_g431_v1.dir/Drivers/STM32G4xx_HAL_Driver/Src/stm32g4xx_hal.c.obj
 .ARM.attributes
                0x00000292       0x34 CMakeFiles/brushless_g431_v1.dir/Drivers/STM32G4xx_HAL_Driver/Src/stm32g4xx_hal_rcc.c.obj
 .ARM.attributes
                0x000002c6       0x34 CMakeFiles/brushless_g431_v1.dir/Drivers/STM32G4xx_HAL_Driver/Src/stm32g4xx_hal_rcc_ex.c.obj
 .ARM.attributes
                0x000002fa       0x34 CMakeFiles/brushless_g431_v1.dir/Drivers/STM32G4xx_HAL_Driver/Src/stm32g4xx_hal_gpio.c.obj
 .ARM.attributes
                0x0000032e       0x34 CMakeFiles/brushless_g431_v1.dir/Drivers/STM32G4xx_HAL_Driver/Src/stm32g4xx_hal_cortex.c.obj
 .ARM.attributes
                0x00000362       0x34 CMakeFiles/brushless_g431_v1.dir/Drivers/STM32G4xx_HAL_Driver/Src/stm32g4xx_hal_uart.c.obj
 .ARM.attributes
                0x00000396       0x34 CMakeFiles/brushless_g431_v1.dir/Drivers/STM32G4xx_HAL_Driver/Src/stm32g4xx_hal_uart_ex.c.obj
 .ARM.attributes
                0x000003ca       0x34 CMakeFiles/brushless_g431_v1.dir/Core/Src/system_stm32g4xx.c.obj
 .ARM.attributes
                0x000003fe       0x34 CMakeFiles/brushless_g431_v1.dir/Core/Src/sysmem.c.obj
 .ARM.attributes
                0x00000432       0x21 CMakeFiles/brushless_g431_v1.dir/startup_stm32g431xx.s.obj
 .ARM.attributes
                0x00000453       0x34 /opt/st/stm32cubeclt_1.17.0/GNU-tools-for-STM32/bin/../lib/gcc/arm-none-eabi/12.3.1/../../../../arm-none-eabi/lib/thumb/v7e-m+fp/hard/libstdc++_nano.a(atexit_arm.o)
 .ARM.attributes
                0x00000487       0x34 /opt/st/stm32cubeclt_1.17.0/GNU-tools-for-STM32/bin/../lib/gcc/arm-none-eabi/12.3.1/../../../../arm-none-eabi/lib/thumb/v7e-m+fp/hard/libc_nano.a(libc_a-cxa_atexit.o)
 .ARM.attributes
                0x000004bb       0x34 /opt/st/stm32cubeclt_1.17.0/GNU-tools-for-STM32/bin/../lib/gcc/arm-none-eabi/12.3.1/../../../../arm-none-eabi/lib/thumb/v7e-m+fp/hard/libc_nano.a(libc_a-findfp.o)
 .ARM.attributes
                0x000004ef       0x34 /opt/st/stm32cubeclt_1.17.0/GNU-tools-for-STM32/bin/../lib/gcc/arm-none-eabi/12.3.1/../../../../arm-none-eabi/lib/thumb/v7e-m+fp/hard/libc_nano.a(libc_a-vsnprintf.o)
 .ARM.attributes
                0x00000523       0x34 /opt/st/stm32cubeclt_1.17.0/GNU-tools-for-STM32/bin/../lib/gcc/arm-none-eabi/12.3.1/../../../../arm-none-eabi/lib/thumb/v7e-m+fp/hard/libc_nano.a(libc_a-memset.o)
 .ARM.attributes
                0x00000557       0x34 /opt/st/stm32cubeclt_1.17.0/GNU-tools-for-STM32/bin/../lib/gcc/arm-none-eabi/12.3.1/../../../../arm-none-eabi/lib/thumb/v7e-m+fp/hard/libc_nano.a(libc_a-reent.o)
 .ARM.attributes
                0x0000058b       0x34 /opt/st/stm32cubeclt_1.17.0/GNU-tools-for-STM32/bin/../lib/gcc/arm-none-eabi/12.3.1/../../../../arm-none-eabi/lib/thumb/v7e-m+fp/hard/libc_nano.a(libc_a-impure.o)
 .ARM.attributes
                0x000005bf       0x34 /opt/st/stm32cubeclt_1.17.0/GNU-tools-for-STM32/bin/../lib/gcc/arm-none-eabi/12.3.1/../../../../arm-none-eabi/lib/thumb/v7e-m+fp/hard/libc_nano.a(libc_a-errno.o)
 .ARM.attributes
                0x000005f3       0x34 /opt/st/stm32cubeclt_1.17.0/GNU-tools-for-STM32/bin/../lib/gcc/arm-none-eabi/12.3.1/../../../../arm-none-eabi/lib/thumb/v7e-m+fp/hard/libc_nano.a(libc_a-init.o)
 .ARM.attributes
                0x00000627       0x34 /opt/st/stm32cubeclt_1.17.0/GNU-tools-for-STM32/bin/../lib/gcc/arm-none-eabi/12.3.1/../../../../arm-none-eabi/lib/thumb/v7e-m+fp/hard/libc_nano.a(libc_a-lock.o)
 .ARM.attributes
                0x0000065b       0x17 /opt/st/stm32cubeclt_1.17.0/GNU-tools-for-STM32/bin/../lib/gcc/arm-none-eabi/12.3.1/../../../../arm-none-eabi/lib/thumb/v7e-m+fp/hard/libc_nano.a(libc_a-strlen.o)
 .ARM.attributes
                0x00000672       0x34 /opt/st/stm32cubeclt_1.17.0/GNU-tools-for-STM32/bin/../lib/gcc/arm-none-eabi/12.3.1/../../../../arm-none-eabi/lib/thumb/v7e-m+fp/hard/libc_nano.a(libc_a-freer.o)
 .ARM.attributes
                0x000006a6       0x34 /opt/st/stm32cubeclt_1.17.0/GNU-tools-for-STM32/bin/../lib/gcc/arm-none-eabi/12.3.1/../../../../arm-none-eabi/lib/thumb/v7e-m+fp/hard/libc_nano.a(libc_a-mallocr.o)
 .ARM.attributes
                0x000006da       0x34 /opt/st/stm32cubeclt_1.17.0/GNU-tools-for-STM32/bin/../lib/gcc/arm-none-eabi/12.3.1/../../../../arm-none-eabi/lib/thumb/v7e-m+fp/hard/libc_nano.a(libc_a-mlock.o)
 .ARM.attributes
                0x0000070e       0x34 /opt/st/stm32cubeclt_1.17.0/GNU-tools-for-STM32/bin/../lib/gcc/arm-none-eabi/12.3.1/../../../../arm-none-eabi/lib/thumb/v7e-m+fp/hard/libc_nano.a(libc_a-nano-svfprintf.o)
 .ARM.attributes
                0x00000742       0x34 /opt/st/stm32cubeclt_1.17.0/GNU-tools-for-STM32/bin/../lib/gcc/arm-none-eabi/12.3.1/../../../../arm-none-eabi/lib/thumb/v7e-m+fp/hard/libc_nano.a(libc_a-nano-vfprintf_i.o)
 .ARM.attributes
                0x00000776       0x34 /opt/st/stm32cubeclt_1.17.0/GNU-tools-for-STM32/bin/../lib/gcc/arm-none-eabi/12.3.1/../../../../arm-none-eabi/lib/thumb/v7e-m+fp/hard/libc_nano.a(libc_a-memmove.o)
 .ARM.attributes
                0x000007aa       0x34 /opt/st/stm32cubeclt_1.17.0/GNU-tools-for-STM32/bin/../lib/gcc/arm-none-eabi/12.3.1/../../../../arm-none-eabi/lib/thumb/v7e-m+fp/hard/libc_nano.a(libc_a-sbrkr.o)
 .ARM.attributes
                0x000007de       0x1c /opt/st/stm32cubeclt_1.17.0/GNU-tools-for-STM32/bin/../lib/gcc/arm-none-eabi/12.3.1/../../../../arm-none-eabi/lib/thumb/v7e-m+fp/hard/libc_nano.a(libc_a-memchr.o)
 .ARM.attributes
                0x000007fa       0x34 /opt/st/stm32cubeclt_1.17.0/GNU-tools-for-STM32/bin/../lib/gcc/arm-none-eabi/12.3.1/../../../../arm-none-eabi/lib/thumb/v7e-m+fp/hard/libc_nano.a(libc_a-memcpy-stub.o)
 .ARM.attributes
                0x0000082e       0x34 /opt/st/stm32cubeclt_1.17.0/GNU-tools-for-STM32/bin/../lib/gcc/arm-none-eabi/12.3.1/../../../../arm-none-eabi/lib/thumb/v7e-m+fp/hard/libc_nano.a(libc_a-reallocr.o)
 .ARM.attributes
                0x00000862       0x34 /opt/st/stm32cubeclt_1.17.0/GNU-tools-for-STM32/bin/../lib/gcc/arm-none-eabi/12.3.1/../../../../arm-none-eabi/lib/thumb/v7e-m+fp/hard/libc_nano.a(libc_a-msizer.o)
 .ARM.attributes
                0x00000896       0x22 /opt/st/stm32cubeclt_1.17.0/GNU-tools-for-STM32/bin/../lib/gcc/arm-none-eabi/12.3.1/thumb/v7e-m+fp/hard/libgcc.a(_aeabi_uldivmod.o)
 .ARM.attributes
                0x000008b8       0x34 /opt/st/stm32cubeclt_1.17.0/GNU-tools-for-STM32/bin/../lib/gcc/arm-none-eabi/12.3.1/thumb/v7e-m+fp/hard/libgcc.a(_udivmoddi4.o)
 .ARM.attributes
                0x000008ec       0x22 /opt/st/stm32cubeclt_1.17.0/GNU-tools-for-STM32/bin/../lib/gcc/arm-none-eabi/12.3.1/thumb/v7e-m+fp/hard/libgcc.a(_dvmd_tls.o)
 .ARM.attributes
                0x0000090e       0x22 /opt/st/stm32cubeclt_1.17.0/GNU-tools-for-STM32/bin/../lib/gcc/arm-none-eabi/12.3.1/thumb/v7e-m+fp/hard/crtn.o

.comment        0x00000000       0x43
 .comment       0x00000000       0x43 CMakeFiles/brushless_g431_v1.dir/UserCode/cpp_main.cpp.obj
                                 0x44 (size before relaxing)
 .comment       0x00000043       0x44 CMakeFiles/brushless_g431_v1.dir/Core/Src/main.c.obj
 .comment       0x00000043       0x44 CMakeFiles/brushless_g431_v1.dir/Core/Src/gpio.c.obj
 .comment       0x00000043       0x44 CMakeFiles/brushless_g431_v1.dir/Core/Src/tim.c.obj
 .comment       0x00000043       0x44 CMakeFiles/brushless_g431_v1.dir/Core/Src/usart.c.obj
 .comment       0x00000043       0x44 CMakeFiles/brushless_g431_v1.dir/Core/Src/stm32g4xx_it.c.obj
 .comment       0x00000043       0x44 CMakeFiles/brushless_g431_v1.dir/Core/Src/stm32g4xx_hal_msp.c.obj
 .comment       0x00000043       0x44 CMakeFiles/brushless_g431_v1.dir/Drivers/STM32G4xx_HAL_Driver/Src/stm32g4xx_hal_pwr_ex.c.obj
 .comment       0x00000043       0x44 CMakeFiles/brushless_g431_v1.dir/Drivers/STM32G4xx_HAL_Driver/Src/stm32g4xx_hal_tim.c.obj
 .comment       0x00000043       0x44 CMakeFiles/brushless_g431_v1.dir/Drivers/STM32G4xx_HAL_Driver/Src/stm32g4xx_hal_tim_ex.c.obj
 .comment       0x00000043       0x44 CMakeFiles/brushless_g431_v1.dir/Drivers/STM32G4xx_HAL_Driver/Src/stm32g4xx_hal.c.obj
 .comment       0x00000043       0x44 CMakeFiles/brushless_g431_v1.dir/Drivers/STM32G4xx_HAL_Driver/Src/stm32g4xx_hal_rcc.c.obj
 .comment       0x00000043       0x44 CMakeFiles/brushless_g431_v1.dir/Drivers/STM32G4xx_HAL_Driver/Src/stm32g4xx_hal_rcc_ex.c.obj
 .comment       0x00000043       0x44 CMakeFiles/brushless_g431_v1.dir/Drivers/STM32G4xx_HAL_Driver/Src/stm32g4xx_hal_gpio.c.obj
 .comment       0x00000043       0x44 CMakeFiles/brushless_g431_v1.dir/Drivers/STM32G4xx_HAL_Driver/Src/stm32g4xx_hal_cortex.c.obj
 .comment       0x00000043       0x44 CMakeFiles/brushless_g431_v1.dir/Drivers/STM32G4xx_HAL_Driver/Src/stm32g4xx_hal_uart.c.obj
 .comment       0x00000043       0x44 CMakeFiles/brushless_g431_v1.dir/Drivers/STM32G4xx_HAL_Driver/Src/stm32g4xx_hal_uart_ex.c.obj
 .comment       0x00000043       0x44 CMakeFiles/brushless_g431_v1.dir/Core/Src/system_stm32g4xx.c.obj
 .comment       0x00000043       0x44 CMakeFiles/brushless_g431_v1.dir/Core/Src/sysmem.c.obj

.debug_frame    0x00000000      0x60c
 .debug_frame   0x00000000       0x20 /opt/st/stm32cubeclt_1.17.0/GNU-tools-for-STM32/bin/../lib/gcc/arm-none-eabi/12.3.1/../../../../arm-none-eabi/lib/thumb/v7e-m+fp/hard/libstdc++_nano.a(atexit_arm.o)
 .debug_frame   0x00000020       0x28 /opt/st/stm32cubeclt_1.17.0/GNU-tools-for-STM32/bin/../lib/gcc/arm-none-eabi/12.3.1/../../../../arm-none-eabi/lib/thumb/v7e-m+fp/hard/libc_nano.a(libc_a-cxa_atexit.o)
 .debug_frame   0x00000048      0x144 /opt/st/stm32cubeclt_1.17.0/GNU-tools-for-STM32/bin/../lib/gcc/arm-none-eabi/12.3.1/../../../../arm-none-eabi/lib/thumb/v7e-m+fp/hard/libc_nano.a(libc_a-findfp.o)
 .debug_frame   0x0000018c       0x4c /opt/st/stm32cubeclt_1.17.0/GNU-tools-for-STM32/bin/../lib/gcc/arm-none-eabi/12.3.1/../../../../arm-none-eabi/lib/thumb/v7e-m+fp/hard/libc_nano.a(libc_a-vsnprintf.o)
 .debug_frame   0x000001d8       0x20 /opt/st/stm32cubeclt_1.17.0/GNU-tools-for-STM32/bin/../lib/gcc/arm-none-eabi/12.3.1/../../../../arm-none-eabi/lib/thumb/v7e-m+fp/hard/libc_nano.a(libc_a-memset.o)
 .debug_frame   0x000001f8       0x38 /opt/st/stm32cubeclt_1.17.0/GNU-tools-for-STM32/bin/../lib/gcc/arm-none-eabi/12.3.1/../../../../arm-none-eabi/lib/thumb/v7e-m+fp/hard/libc_nano.a(libc_a-reent.o)
 .debug_frame   0x00000230       0x20 /opt/st/stm32cubeclt_1.17.0/GNU-tools-for-STM32/bin/../lib/gcc/arm-none-eabi/12.3.1/../../../../arm-none-eabi/lib/thumb/v7e-m+fp/hard/libc_nano.a(libc_a-errno.o)
 .debug_frame   0x00000250       0x2c /opt/st/stm32cubeclt_1.17.0/GNU-tools-for-STM32/bin/../lib/gcc/arm-none-eabi/12.3.1/../../../../arm-none-eabi/lib/thumb/v7e-m+fp/hard/libc_nano.a(libc_a-init.o)
 .debug_frame   0x0000027c       0xb0 /opt/st/stm32cubeclt_1.17.0/GNU-tools-for-STM32/bin/../lib/gcc/arm-none-eabi/12.3.1/../../../../arm-none-eabi/lib/thumb/v7e-m+fp/hard/libc_nano.a(libc_a-lock.o)
 .debug_frame   0x0000032c       0x38 /opt/st/stm32cubeclt_1.17.0/GNU-tools-for-STM32/bin/../lib/gcc/arm-none-eabi/12.3.1/../../../../arm-none-eabi/lib/thumb/v7e-m+fp/hard/libc_nano.a(libc_a-freer.o)
 .debug_frame   0x00000364       0x50 /opt/st/stm32cubeclt_1.17.0/GNU-tools-for-STM32/bin/../lib/gcc/arm-none-eabi/12.3.1/../../../../arm-none-eabi/lib/thumb/v7e-m+fp/hard/libc_nano.a(libc_a-mallocr.o)
 .debug_frame   0x000003b4       0x30 /opt/st/stm32cubeclt_1.17.0/GNU-tools-for-STM32/bin/../lib/gcc/arm-none-eabi/12.3.1/../../../../arm-none-eabi/lib/thumb/v7e-m+fp/hard/libc_nano.a(libc_a-mlock.o)
 .debug_frame   0x000003e4       0x90 /opt/st/stm32cubeclt_1.17.0/GNU-tools-for-STM32/bin/../lib/gcc/arm-none-eabi/12.3.1/../../../../arm-none-eabi/lib/thumb/v7e-m+fp/hard/libc_nano.a(libc_a-nano-svfprintf.o)
 .debug_frame   0x00000474       0x60 /opt/st/stm32cubeclt_1.17.0/GNU-tools-for-STM32/bin/../lib/gcc/arm-none-eabi/12.3.1/../../../../arm-none-eabi/lib/thumb/v7e-m+fp/hard/libc_nano.a(libc_a-nano-vfprintf_i.o)
 .debug_frame   0x000004d4       0x28 /opt/st/stm32cubeclt_1.17.0/GNU-tools-for-STM32/bin/../lib/gcc/arm-none-eabi/12.3.1/../../../../arm-none-eabi/lib/thumb/v7e-m+fp/hard/libc_nano.a(libc_a-memmove.o)
 .debug_frame   0x000004fc       0x2c /opt/st/stm32cubeclt_1.17.0/GNU-tools-for-STM32/bin/../lib/gcc/arm-none-eabi/12.3.1/../../../../arm-none-eabi/lib/thumb/v7e-m+fp/hard/libc_nano.a(libc_a-sbrkr.o)
 .debug_frame   0x00000528       0x28 /opt/st/stm32cubeclt_1.17.0/GNU-tools-for-STM32/bin/../lib/gcc/arm-none-eabi/12.3.1/../../../../arm-none-eabi/lib/thumb/v7e-m+fp/hard/libc_nano.a(libc_a-memcpy-stub.o)
 .debug_frame   0x00000550       0x3c /opt/st/stm32cubeclt_1.17.0/GNU-tools-for-STM32/bin/../lib/gcc/arm-none-eabi/12.3.1/../../../../arm-none-eabi/lib/thumb/v7e-m+fp/hard/libc_nano.a(libc_a-reallocr.o)
 .debug_frame   0x0000058c       0x20 /opt/st/stm32cubeclt_1.17.0/GNU-tools-for-STM32/bin/../lib/gcc/arm-none-eabi/12.3.1/../../../../arm-none-eabi/lib/thumb/v7e-m+fp/hard/libc_nano.a(libc_a-msizer.o)
 .debug_frame   0x000005ac       0x2c /opt/st/stm32cubeclt_1.17.0/GNU-tools-for-STM32/bin/../lib/gcc/arm-none-eabi/12.3.1/thumb/v7e-m+fp/hard/libgcc.a(_aeabi_uldivmod.o)
 .debug_frame   0x000005d8       0x34 /opt/st/stm32cubeclt_1.17.0/GNU-tools-for-STM32/bin/../lib/gcc/arm-none-eabi/12.3.1/thumb/v7e-m+fp/hard/libgcc.a(_udivmoddi4.o)
